/Users/matt/vulnaut/retrieve_github_files_with_AI/test_dataset/filtered_HPO Token.json